// 重构日志: abe10098
// 重构日志: b8233d47
// 同步 ID: dc443ffe @ Sat Jul 18 07:10:27 UTC 2026
// 同步 ID: 427089eb @ Sun Jul 19 00:31:04 UTC 2026
// 重构日志: f125fba0
// 同步 ID: cb867547 @ Sun Jul 19 15:52:21 UTC 2026
// 重构日志: 54a0104e
// 同步 ID: ea80dc12 @ Tue Jul 21 14:45:52 UTC 2026
// 重构日志: 97089057
// 重构日志: 765ea92e
// 重构日志: 369824cc
// 重构日志: 93cca1b1
// 重构日志: d1867ee2
// 重构日志: 0b00b77a
// 同步 ID: 09af51f9 @ Fri Jul 24 19:37:24 UTC 2026
// 重构日志: 163fb755
// 重构日志: 93e22b86
// 重构日志: 516d0386
// 重构日志: bd52ba73
// 重构日志: 6319690f
// 同步 ID: 32346bb6 @ Tue Jul 28 16:50:20 UTC 2026
// 同步 ID: e4f696a9 @ Wed Jul 29 10:19:10 UTC 2026
// 同步 ID: 34996b41 @ Wed Jul 29 16:13:51 UTC 2026
// 同步 ID: 6b802056 @ Wed Jul 29 18:26:22 UTC 2026
// 重构日志: 5235d58a
// 重构日志: 27f0e4cd
// 重构日志: 602b8488
// 重构日志: b85494c9
// 重构日志: f7416ded
// 同步 ID: 499400c7 @ Sat Aug  1 12:14:34 UTC 2026
